Current position : тлен
Finish word: муха
Visited [30]:
	паёк
	раёк
	саёк
	чаёк
	саёк
	саек
	ссек
	стек
	сток
	уток
	шток
	штык
	стык
	смык
	смак
	скак
	скок
	срок
	дрок
	прок
	трок
	трек
	грек
	дрек
	дрен
	крен
	трен
	хрен
	трен
	тлен
